Error occurred:  <class 'KeyboardInterrupt'>
Accumulator:  42
X:  0
Y:  0
Pointer:  1
Memory current:  42
Traceback (most recent call last):
  File "./bfb.py", line 244, in <module>
    curses.wrapper(pymain)
  File "/usr/lib/python3.4/curses/__init__.py", line 94, in wrapper
    return func(stdscr, *args, **kwds)
  File "./bfb.py", line 226, in pymain
    stdscr.getch()
KeyboardInterrupt
